// Jest Snapshot v1, https://goo.gl/fbAQLP

exports[`Header it should match snapshot 1`] = `
<DocumentFragment>
  <div />
  <h1
    data-testid="title"
  >
    plop
  </h1>
</DocumentFragment>
`;
